[crossgaincare.com.au/index.html]
[backblue.gif]
[fade.gif]
[index.html]
[crossgaincare.com.au/wp-content/uploads/2024/07/disability-pic-02-.png]
[crossgaincare.com.au/wp-json/oembed/1.0/embedbb35.json]
[crossgaincare.com.au/wp-json/oembed/1.0/embedfab8]
[crossgaincare.com.au/feed/index.html]
[crossgaincare.com.au/comments/feed/index.html]
[crossgaincare.com.au/wp-includes/js/jquery/jquery.minf43b.js]
[crossgaincare.com.au/wp-includes/js/jquery/jquery-migrate.min5589.js]
[crossgaincare.com.au/wp-content/plugins/elementor/assets/lib/font-awesome/js/v4-shims.mindba3.js]
[crossgaincare.com.au/wp-json/index.html]
[crossgaincare.com.au/wp-json/wp/v2/pages/55.json]
[crossgaincare.com.au/xmlrpc0db0.php]
[crossgaincare.com.au/wp-content/uploads/2024/09/cropped-crossgain-logo-434-32x32.png]
[crossgaincare.com.au/wp-content/uploads/2024/09/cropped-crossgain-logo-434-192x192.png]
[crossgaincare.com.au/wp-content/uploads/2024/09/cropped-crossgain-logo-434-180x180.png]
[crossgaincare.com.au/wp-content/uploads/2024/09/champion-20202.png]
[crossgaincare.com.au/accomodation]
[crossgaincare.com.au/about-ccr/index.html]
[crossgaincare.com.au/wp-content/uploads/2024/08/D-2.png]
[crossgaincare.com.au/elementor-9666/index.html]
[crossgaincare.com.au/community-access-and-participation/index.html]
[crossgaincare.com.au/wp-content/uploads/2024/08/J-1.png]
[crossgaincare.com.au/who-is-ndis/index.html]
[crossgaincare.com.au/wp-content/uploads/2024/08/G.png]
[crossgaincare.com.au/household-tasks/index.html]
[crossgaincare.com.au/wp-content/uploads/2024/08/R-1.png]
[crossgaincare.com.au/assistance-with-travel-and-travel-arrangements/index.html]
[crossgaincare.com.au/skill-development/index.html]
[crossgaincare.com.au/wp-content/themes/hello-elementor/champion-20202.png]
[crossgaincare.com.au/community-nursing/index.html]
[crossgaincare.com.au/personal-care/index.html]
[crossgaincare.com.au/sta-respite-accommodation/index.html]
[crossgaincare.com.au/wp-content/themes/hello-elementor/ndslogo.png]
[crossgaincare.com.au/medium-term-accommodation/index.html]
[crossgaincare.com.au/wp-content/plugins/gutenberg/build/scripts/hooks/index.min394d.js]
[crossgaincare.com.au/accomodation/index.html]
[crossgaincare.com.au/wp-content/plugins/gutenberg/build/scripts/i18n/index.mineca5.js]
[crossgaincare.com.au/sil-accommodation/index.html]
[crossgaincare.com.au/the-mews-waurn-ponds/index.html]
[crossgaincare.com.au/the-oack-waurn-ponds-2/index.html]
[crossgaincare.com.au/the-grove-point-cook/index.html]
[crossgaincare.com.au/the-drive-tarneit-2/index.html]
[crossgaincare.com.au/wp-content/plugins/contact-form-7/includes/swv/js/index1b46.js]
[crossgaincare.com.au/become-a-volunteer/index.html]
[crossgaincare.com.au/wp-content/plugins/contact-form-7/includes/js/index1b46.js]
[crossgaincare.com.au/pos-na-afairesete-ti-skouria-apo-ta-roucha-symvoules-apo-tin-sparklean/index.html]
[crossgaincare.com.au/sta-respite-a/index.html]
[crossgaincare.com.au/wp-content/themes/hello-elementor/assets/js/hello-frontend4c8b.js]
[crossgaincare.com.au/contact-us/index.html]
[crossgaincare.com.au/wp-content/plugins/elementor/assets/js/webpack.runtime.mindba3.js]
[crossgaincare.com.au/blog-masonry/index.html]
[crossgaincare.com.au/wp-content/plugins/elementor/assets/js/frontend-modules.mindba3.js]
[crossgaincare.com.au/privacy-policy-2/index.html]
[crossgaincare.com.au/client-charter/index.html]
[crossgaincare.com.au/wp-includes/js/jquery/ui/core.minb37e.js]
[crossgaincare.com.au/ndis-code-of-conduct/index.html]
[crossgaincare.com.au/wp-content/plugins/elementor/assets/js/frontend.mindba3.js]
[crossgaincare.com.au/wp-content/plugins/elementor-pro/assets/lib/smartmenus/jquery.smartmenus.min1576.js]
[crossgaincare.com.au/wp-content/plugins/elementor-pro/assets/lib/sticky/jquery.sticky.mind341.js]
[crossgaincare.com.au/wp-includes/js/imagesloaded.minbb93.js]
[crossgaincare.com.au/wp-content/plugins/elementor/assets/lib/swiper/v8/swiper.min94a4.js]
[www.google.com/recaptcha/api4e38.js]
[crossgaincare.com.au/wp-includes/js/dist/vendor/wp-polyfill.min2c7c.js]
[crossgaincare.com.au/wp-content/plugins/contact-form-7/modules/recaptcha/index1b46.js]
[crossgaincare.com.au/wp-content/plugins/google-site-kit/dist/assets/js/googlesitekit-events-provider-contact-form-7-40476021fb6e59177033.js]
[www.google.com/recaptcha/api0ebf.js]
[crossgaincare.com.au/wp-content/plugins/elementor-pro/assets/js/webpack-pro.runtime.mind341.js]
[crossgaincare.com.au/wp-content/plugins/elementor-pro/assets/js/frontend.mind341.js]
[crossgaincare.com.au/wp-content/plugins/elementor-pro/assets/js/elements-handlers.mind341.js]
[crossgaincare.com.au/index.html]
[crossgaincare.com.au/wp-content/plugins/contact-form-7/includes/css/styles1b46.css]
[crossgaincare.com.au/wp-content/themes/hello-elementor/assets/css/reset4c8b.css]
[crossgaincare.com.au/wp-content/themes/hello-elementor/assets/css/theme4c8b.css]
[crossgaincare.com.au/wp-content/themes/hello-elementor/assets/css/header-footer4c8b.css]
[crossgaincare.com.au/wp-content/plugins/elementor/assets/css/frontend.mindba3.css]
[crossgaincare.com.au/wp-content/uploads/elementor/css/post-6646648b.css]
[crossgaincare.com.au/wp-content/plugins/elementor/assets/css/widget-image.mindba3.css]
[crossgaincare.com.au/wp-content/plugins/elementor-pro/assets/css/widget-nav-menu.mind341.css]
[crossgaincare.com.au/wp-content/plugins/elementor/assets/lib/animations/styles/e-animation-grow.mindba3.css]
[crossgaincare.com.au/wp-content/plugins/elementor-pro/assets/css/modules/sticky.mind341.css]
[crossgaincare.com.au/wp-content/plugins/elementor/assets/css/widget-heading.mindba3.css]
[crossgaincare.com.au/wp-content/plugins/elementor/assets/css/widget-social-icons.mindba3.css]
[crossgaincare.com.au/wp-content/plugins/elementor/assets/css/conditionals/apple-webkit.mindba3.css]
[crossgaincare.com.au/wp-content/plugins/elementor/assets/css/widget-icon-list.mindba3.css]
[crossgaincare.com.au/wp-content/plugins/elementor/assets/lib/font-awesome/webfonts/fa-brands-400.eot]
[crossgaincare.com.au/wp-content/plugins/elementor/assets/lib/font-awesome/webfonts/fa-brands-400d41d.eot]
[crossgaincare.com.au/wp-content/plugins/elementor/assets/lib/font-awesome/webfonts/fa-brands-400.woff2]
[crossgaincare.com.au/wp-content/plugins/elementor/assets/lib/font-awesome/webfonts/fa-brands-400.woff]
[crossgaincare.com.au/wp-content/plugins/elementor/assets/lib/font-awesome/webfonts/fa-brands-400.ttf]
[crossgaincare.com.au/wp-content/plugins/elementor/assets/lib/font-awesome/webfonts/fa-regular-400.eot]
[crossgaincare.com.au/wp-content/plugins/elementor/assets/lib/font-awesome/webfonts/fa-regular-400d41d.eot]
[crossgaincare.com.au/wp-content/plugins/elementor/assets/lib/font-awesome/webfonts/fa-regular-400.woff2]
[crossgaincare.com.au/wp-content/plugins/elementor/assets/lib/font-awesome/webfonts/fa-regular-400.woff]
[crossgaincare.com.au/wp-content/plugins/elementor/assets/lib/font-awesome/webfonts/fa-regular-400.ttf]
[crossgaincare.com.au/wp-content/plugins/elementor/assets/lib/font-awesome/webfonts/fa-solid-900.eot]
[crossgaincare.com.au/wp-content/plugins/elementor/assets/lib/font-awesome/webfonts/fa-solid-900d41d.eot]
[crossgaincare.com.au/wp-content/plugins/elementor/assets/lib/font-awesome/webfonts/fa-solid-900.woff2]
[crossgaincare.com.au/wp-content/plugins/elementor/assets/lib/font-awesome/webfonts/fa-solid-900.woff]
[crossgaincare.com.au/wp-content/plugins/elementor/assets/lib/font-awesome/webfonts/fa-solid-900.ttf]
[crossgaincare.com.au/wp-content/plugins/elementor/assets/lib/font-awesome/css/all.mindba3.css]
[crossgaincare.com.au/wp-content/plugins/elementor/assets/lib/font-awesome/css/v4-shims.mindba3.css]
[crossgaincare.com.au/wp-content/plugins/elementor/assets/lib/animations/styles/fadeInRight.mindba3.css]
[crossgaincare.com.au/wp-content/plugins/elementor/assets/lib/swiper/v8/css/swiper.min94a4.css]
[crossgaincare.com.au/wp-content/plugins/elementor/assets/css/conditionals/e-swiper.mindba3.css]
[crossgaincare.com.au/wp-content/plugins/elementor-pro/assets/css/widget-slides.mind341.css]
[crossgaincare.com.au/wp-content/plugins/elementor-pro/assets/css/widget-form.mind341.css]
[crossgaincare.com.au/wp-content/plugins/elementor-pro/assets/css/widget-testimonial-carousel.mind341.css]
[crossgaincare.com.au/wp-content/plugins/elementor-pro/assets/css/widget-reviews.mind341.css]
[crossgaincare.com.au/wp-content/plugins/elementor/assets/css/widget-star-rating.mindba3.css]
[crossgaincare.com.au/wp-content/plugins/elementor-pro/assets/css/widget-carousel-module-base.mind341.css]
[crossgaincare.com.au/wp-content/plugins/elementor-pro/assets/css/widget-progress-tracker.mind341.css]
[crossgaincare.com.au/wp-content/plugins/elementor-pro/assets/css/modules/motion-fx.mind341.css]
[crossgaincare.com.au/wp-content/uploads/2024/08/SLIDE-01-1-1.png]
[crossgaincare.com.au/wp-content/uploads/elementor/css/post-5581f0.css]
[crossgaincare.com.au/wp-content/uploads/elementor/css/post-9029648b.css]
[crossgaincare.com.au/wp-content/uploads/elementor/css/post-6764648b.css]
[crossgaincare.com.au/wp-content/uploads/elementor/google-fonts/fonts/roboto-kfo5cnqeu92fr1mu53zec9_vu3r1gihoszmkc3kawzu.woff2]
[crossgaincare.com.au/wp-content/uploads/elementor/google-fonts/fonts/roboto-kfo5cnqeu92fr1mu53zec9_vu3r1gihoszmkankawzu.woff2]
[crossgaincare.com.au/wp-content/uploads/elementor/google-fonts/fonts/roboto-kfo5cnqeu92fr1mu53zec9_vu3r1gihoszmkcnkawzu.woff2]
[crossgaincare.com.au/wp-content/uploads/elementor/google-fonts/fonts/roboto-kfo5cnqeu92fr1mu53zec9_vu3r1gihoszmkbxkawzu.woff2]
[crossgaincare.com.au/wp-content/uploads/elementor/google-fonts/fonts/roboto-kfo5cnqeu92fr1mu53zec9_vu3r1gihoszmkenkawzu.woff2]
[crossgaincare.com.au/wp-content/uploads/elementor/google-fonts/fonts/roboto-kfo5cnqeu92fr1mu53zec9_vu3r1gihoszmkahkawzu.woff2]
[crossgaincare.com.au/wp-content/uploads/elementor/google-fonts/fonts/roboto-kfo5cnqeu92fr1mu53zec9_vu3r1gihoszmkcxkawzu.woff2]
[crossgaincare.com.au/wp-content/uploads/elementor/google-fonts/fonts/roboto-kfo5cnqeu92fr1mu53zec9_vu3r1gihoszmkchkawzu.woff2]
[crossgaincare.com.au/wp-content/uploads/elementor/google-fonts/fonts/roboto-kfo5cnqeu92fr1mu53zec9_vu3r1gihoszmkbnka.woff2]
[crossgaincare.com.au/wp-content/uploads/elementor/google-fonts/fonts/roboto-kfo7cnqeu92fr1me7ksn66agldtyluama3gubgee.woff2]
[crossgaincare.com.au/wp-content/uploads/elementor/google-fonts/fonts/roboto-kfo7cnqeu92fr1me7ksn66agldtyluama3iubgee.woff2]
[crossgaincare.com.au/wp-content/uploads/elementor/google-fonts/fonts/roboto-kfo7cnqeu92fr1me7ksn66agldtyluama3cubgee.woff2]
[crossgaincare.com.au/wp-content/uploads/elementor/google-fonts/fonts/roboto-kfo7cnqeu92fr1me7ksn66agldtyluama3-ubgee.woff2]
[crossgaincare.com.au/wp-content/uploads/elementor/google-fonts/fonts/roboto-kfo7cnqeu92fr1me7ksn66agldtyluamawcubgee.woff2]
[crossgaincare.com.au/wp-content/uploads/elementor/google-fonts/fonts/roboto-kfo7cnqeu92fr1me7ksn66agldtyluamaxkubgee.woff2]
[crossgaincare.com.au/wp-content/uploads/elementor/google-fonts/fonts/roboto-kfo7cnqeu92fr1me7ksn66agldtyluama3oubgee.woff2]
[crossgaincare.com.au/wp-content/uploads/elementor/google-fonts/fonts/roboto-kfo7cnqeu92fr1me7ksn66agldtyluama3kubgee.woff2]
[crossgaincare.com.au/wp-content/uploads/elementor/google-fonts/fonts/roboto-kfo7cnqeu92fr1me7ksn66agldtyluama3yuba.woff2]
[crossgaincare.com.au/wp-content/uploads/elementor/google-fonts/css/roboto11e3.css]
[crossgaincare.com.au/wp-content/uploads/elementor/google-fonts/fonts/robotoslab-bngmuxzytxpivibgjjsb6ufa5qw54a.woff2]
[crossgaincare.com.au/wp-content/uploads/elementor/google-fonts/fonts/robotoslab-bngmuxzytxpivibgjjsb6ufj5qw54a.woff2]
[crossgaincare.com.au/wp-content/uploads/elementor/google-fonts/fonts/robotoslab-bngmuxzytxpivibgjjsb6ufb5qw54a.woff2]
[crossgaincare.com.au/wp-content/uploads/elementor/google-fonts/fonts/robotoslab-bngmuxzytxpivibgjjsb6ufo5qw54a.woff2]
[crossgaincare.com.au/wp-content/uploads/elementor/google-fonts/fonts/robotoslab-bngmuxzytxpivibgjjsb6ufc5qw54a.woff2]
[crossgaincare.com.au/wp-content/uploads/elementor/google-fonts/fonts/robotoslab-bngmuxzytxpivibgjjsb6ufd5qw54a.woff2]
[crossgaincare.com.au/wp-content/uploads/elementor/google-fonts/fonts/robotoslab-bngmuxzytxpivibgjjsb6ufn5qu.woff2]
[crossgaincare.com.au/wp-content/uploads/elementor/google-fonts/css/robotoslabcade.css]
[crossgaincare.com.au/wp-content/uploads/elementor/google-fonts/fonts/montserrat-jtuqjig1_i6t8kchkm459wxrxc7mw9c.woff2]
[crossgaincare.com.au/wp-content/uploads/elementor/google-fonts/fonts/montserrat-jtuqjig1_i6t8kchkm459wxrzs7mw9c.woff2]
[crossgaincare.com.au/wp-content/uploads/elementor/google-fonts/fonts/montserrat-jtuqjig1_i6t8kchkm459wxrxi7mw9c.woff2]
[crossgaincare.com.au/wp-content/uploads/elementor/google-fonts/fonts/montserrat-jtuqjig1_i6t8kchkm459wxrxy7mw9c.woff2]
[crossgaincare.com.au/wp-content/uploads/elementor/google-fonts/fonts/montserrat-jtuqjig1_i6t8kchkm459wxrys7m.woff2]
[crossgaincare.com.au/wp-content/uploads/elementor/google-fonts/fonts/montserrat-jtusjig1_i6t8kchkm459wrhyzbi.woff2]
[crossgaincare.com.au/wp-content/uploads/elementor/google-fonts/fonts/montserrat-jtusjig1_i6t8kchkm459w1hyzbi.woff2]
[crossgaincare.com.au/wp-content/uploads/elementor/google-fonts/fonts/montserrat-jtusjig1_i6t8kchkm459wzhyzbi.woff2]
[crossgaincare.com.au/wp-content/uploads/elementor/google-fonts/fonts/montserrat-jtusjig1_i6t8kchkm459wdhyzbi.woff2]
[crossgaincare.com.au/wp-content/uploads/elementor/google-fonts/fonts/montserrat-jtusjig1_i6t8kchkm459wlhyw.woff2]
[crossgaincare.com.au/wp-content/uploads/elementor/google-fonts/css/montserratfd90.css]
[crossgaincare.com.au/wp-content/uploads/elementor/google-fonts/fonts/poppins-pxiayp8kv8jhgfvrjjlme0tmmpkzsq.woff2]
[crossgaincare.com.au/wp-content/uploads/elementor/google-fonts/fonts/poppins-pxiayp8kv8jhgfvrjjlme0tcmpi.woff2]
[crossgaincare.com.au/wp-content/uploads/elementor/google-fonts/fonts/poppins-pxidyp8kv8jhgfvrjjlmv1pvgdeoceg.woff2]
[crossgaincare.com.au/wp-content/uploads/elementor/google-fonts/fonts/poppins-pxidyp8kv8jhgfvrjjlmv1pvf9eo.woff2]
[crossgaincare.com.au/wp-content/uploads/elementor/google-fonts/fonts/poppins-pxidyp8kv8jhgfvrjjlm21lvgdeoceg.woff2]
[crossgaincare.com.au/wp-content/uploads/elementor/google-fonts/fonts/poppins-pxidyp8kv8jhgfvrjjlm21lvf9eo.woff2]
[crossgaincare.com.au/wp-content/uploads/elementor/google-fonts/fonts/poppins-pxigyp8kv8jhgfvrjjlufntakpy.woff2]
[crossgaincare.com.au/wp-content/uploads/elementor/google-fonts/fonts/poppins-pxigyp8kv8jhgfvrjjluchta.woff2]
[crossgaincare.com.au/wp-content/uploads/elementor/google-fonts/fonts/poppins-pxidyp8kv8jhgfvrjjlmg1hvgdeoceg.woff2]
[crossgaincare.com.au/wp-content/uploads/elementor/google-fonts/fonts/poppins-pxidyp8kv8jhgfvrjjlmg1hvf9eo.woff2]
[crossgaincare.com.au/wp-content/uploads/elementor/google-fonts/fonts/poppins-pxidyp8kv8jhgfvrjjlmr19vgdeoceg.woff2]
[crossgaincare.com.au/wp-content/uploads/elementor/google-fonts/fonts/poppins-pxidyp8kv8jhgfvrjjlmr19vf9eo.woff2]
[crossgaincare.com.au/wp-content/uploads/elementor/google-fonts/fonts/poppins-pxidyp8kv8jhgfvrjjlmy15vgdeoceg.woff2]
[crossgaincare.com.au/wp-content/uploads/elementor/google-fonts/fonts/poppins-pxidyp8kv8jhgfvrjjlmy15vf9eo.woff2]
[crossgaincare.com.au/wp-content/uploads/elementor/google-fonts/fonts/poppins-pxidyp8kv8jhgfvrjjlm111vgdeoceg.woff2]
[crossgaincare.com.au/wp-content/uploads/elementor/google-fonts/fonts/poppins-pxidyp8kv8jhgfvrjjlm111vf9eo.woff2]
[crossgaincare.com.au/wp-content/uploads/elementor/google-fonts/fonts/poppins-pxidyp8kv8jhgfvrjjlm81xvgdeoceg.woff2]
[crossgaincare.com.au/wp-content/uploads/elementor/google-fonts/fonts/poppins-pxidyp8kv8jhgfvrjjlm81xvf9eo.woff2]
[crossgaincare.com.au/wp-content/uploads/elementor/google-fonts/fonts/poppins-pxigyp8kv8jhgfvrlptufntakpy.woff2]
[crossgaincare.com.au/wp-content/uploads/elementor/google-fonts/fonts/poppins-pxigyp8kv8jhgfvrlptuchta.woff2]
[crossgaincare.com.au/wp-content/uploads/elementor/google-fonts/fonts/poppins-pxibyp8kv8jhgfvrlfj_z1jlfc-k.woff2]
[crossgaincare.com.au/wp-content/uploads/elementor/google-fonts/fonts/poppins-pxibyp8kv8jhgfvrlfj_z1xlfq.woff2]
[crossgaincare.com.au/wp-content/uploads/elementor/google-fonts/fonts/poppins-pxibyp8kv8jhgfvrldz8z1jlfc-k.woff2]
[crossgaincare.com.au/wp-content/uploads/elementor/google-fonts/fonts/poppins-pxibyp8kv8jhgfvrldz8z1xlfq.woff2]
[crossgaincare.com.au/wp-content/uploads/elementor/google-fonts/fonts/poppins-pxieyp8kv8jhgfvrjjnecmne.woff2]
[crossgaincare.com.au/wp-content/uploads/elementor/google-fonts/fonts/poppins-pxieyp8kv8jhgfvrjjfecg.woff2]
[crossgaincare.com.au/wp-content/uploads/elementor/google-fonts/fonts/poppins-pxibyp8kv8jhgfvrlgt9z1jlfc-k.woff2]
[crossgaincare.com.au/wp-content/uploads/elementor/google-fonts/fonts/poppins-pxibyp8kv8jhgfvrlgt9z1xlfq.woff2]
[crossgaincare.com.au/wp-content/uploads/elementor/google-fonts/fonts/poppins-pxibyp8kv8jhgfvrlej6z1jlfc-k.woff2]
[crossgaincare.com.au/wp-content/uploads/elementor/google-fonts/fonts/poppins-pxibyp8kv8jhgfvrlej6z1xlfq.woff2]
[crossgaincare.com.au/wp-content/uploads/elementor/google-fonts/fonts/poppins-pxibyp8kv8jhgfvrlcz7z1jlfc-k.woff2]
[crossgaincare.com.au/wp-content/uploads/elementor/google-fonts/fonts/poppins-pxibyp8kv8jhgfvrlcz7z1xlfq.woff2]
[crossgaincare.com.au/wp-content/uploads/elementor/google-fonts/fonts/poppins-pxibyp8kv8jhgfvrldd4z1jlfc-k.woff2]
[crossgaincare.com.au/wp-content/uploads/elementor/google-fonts/fonts/poppins-pxibyp8kv8jhgfvrldd4z1xlfq.woff2]
[crossgaincare.com.au/wp-content/uploads/elementor/google-fonts/fonts/poppins-pxibyp8kv8jhgfvrlbt5z1jlfc-k.woff2]
[crossgaincare.com.au/wp-content/uploads/elementor/google-fonts/fonts/poppins-pxibyp8kv8jhgfvrlbt5z1xlfq.woff2]
[crossgaincare.com.au/wp-content/uploads/elementor/google-fonts/css/poppins3dea.css]
[www.googletagmanager.com/gtm5445.html]
[crossgaincare.com.au/wp-content/uploads/2024/08/SLIDE-05.png]
[crossgaincare.com.au/wp-json/oembed/1.0/embeddb61.json]
[crossgaincare.com.au/wp-json/oembed/1.0/embed9559]
[crossgaincare.com.au/wp-json/wp/v2/pages/4009.json]
[crossgaincare.com.au/wp-content/uploads/2024/08/SLIDE-13.png]
[crossgaincare.com.au/about-ccr/index.html]
[crossgaincare.com.au/wp-content/uploads/2024/08/AWSOME-PIC-03-.png]
[crossgaincare.com.au/index7bb6.html]
[crossgaincare.com.au/wp-json/oembed/1.0/embed56ed.json]
[crossgaincare.com.au/wp-json/oembed/1.0/embed295b]
[crossgaincare.com.au/wp-json/wp/v2/pages/589.json]
[crossgaincare.com.au/wp-content/uploads/2024/08/AWSOME-PIC-05-.png]
[crossgaincare.com.au/wp-content/uploads/2024/08/AWSOME-PIC-06-.png]
[crossgaincare.com.au/qualifying-checklist/index.html]
[crossgaincare.com.au/who-is-ndis/index.html]
[crossgaincare.com.au/index4f61.html]
[crossgaincare.com.au/wp-content/uploads/2024/08/SLIDE-06.png]
[crossgaincare.com.au/wp-json/oembed/1.0/embeda2d7.json]
[crossgaincare.com.au/wp-json/oembed/1.0/embed23ce]
[crossgaincare.com.au/wp-json/wp/v2/pages/800.json]
[crossgaincare.com.au/wp-content/uploads/2024/08/SLIDE-07.png]
[crossgaincare.com.au/wp-content/uploads/2024/08/z-08.png]
[crossgaincare.com.au/indexcb2d.html]
[crossgaincare.com.au/wp-content/uploads/2024/08/z-09.png]
[crossgaincare.com.au/community-access-and-participation/index.html]
[crossgaincare.com.au/wp-content/uploads/2024/08/SLIDE-16.png]
[crossgaincare.com.au/wp-json/oembed/1.0/embedb6af.json]
[crossgaincare.com.au/wp-json/oembed/1.0/embed8450]
[crossgaincare.com.au/wp-json/wp/v2/pages/9666.json]
[crossgaincare.com.au/elementor-9666/index.html]
[crossgaincare.com.au/wp-content/uploads/2024/08/SLIDE-14.png]
[crossgaincare.com.au/indexd4ef.html]
[crossgaincare.com.au/wp-json/oembed/1.0/embed4c84.json]
[crossgaincare.com.au/household-tasks/feed/index.html]
[crossgaincare.com.au/wp-json/oembed/1.0/embed93d0]
[crossgaincare.com.au/wp-json/wp/v2/pages/4545.json]
[crossgaincare.com.au/household-tasks/index.html]
[crossgaincare.com.au/wp-content/uploads/2024/08/z-07.png]
[crossgaincare.com.au/indexad03.html]
[crossgaincare.com.au/wp-json/oembed/1.0/embed4c1c.json]
[crossgaincare.com.au/assistance-with-travel-and-travel-arrangements/feed/index.html]
[crossgaincare.com.au/wp-json/oembed/1.0/embed7bf2]
[crossgaincare.com.au/wp-json/wp/v2/pages/4560.json]
[crossgaincare.com.au/wp-content/uploads/2024/08/z-04.png]
[crossgaincare.com.au/wp-content/uploads/2024/08/z-05.png]
[crossgaincare.com.au/wp-content/uploads/2024/08/z-06.png]
[crossgaincare.com.au/assistance-with-travel-and-travel-arrangements/index.html]
[crossgaincare.com.au/index7b48.html]
[crossgaincare.com.au/wp-content/uploads/2024/08/SLIDE-20.png]
[crossgaincare.com.au/wp-json/oembed/1.0/embed8f53.json]
[crossgaincare.com.au/wp-json/oembed/1.0/embedefcb]
[crossgaincare.com.au/wp-json/wp/v2/pages/7972.json]
[crossgaincare.com.au/wp-content/uploads/2024/08/SLIDE-21.png]
[crossgaincare.com.au/skill-development/index.html]
[crossgaincare.com.au/wp-content/uploads/2024/08/SLIDE-24.png]
[crossgaincare.com.au/index8190.html]
[crossgaincare.com.au/wp-json/oembed/1.0/embed2044.json]
[crossgaincare.com.au/wp-json/oembed/1.0/embedd82a]
[crossgaincare.com.au/wp-json/wp/v2/pages/8027.json]
[crossgaincare.com.au/wp-content/uploads/2024/08/SLIDE-25.png]
[crossgaincare.com.au/wp-content/uploads/2024/08/SLIDE-26.png]
[crossgaincare.com.au/community-nursing/index.html]
[crossgaincare.com.au/wp-content/uploads/2024/08/z-01-.png]
[crossgaincare.com.au/indexa703.html]
[crossgaincare.com.au/wp-json/oembed/1.0/embed30b9.json]
[crossgaincare.com.au/wp-json/oembed/1.0/embed87ef]
[crossgaincare.com.au/wp-json/wp/v2/pages/8149.json]
[crossgaincare.com.au/wp-content/uploads/2024/08/z-02.png]
[crossgaincare.com.au/wp-content/uploads/2024/08/z-03.png]
[crossgaincare.com.au/personal-care/index.html]
[crossgaincare.com.au/wp-content/uploads/2024/08/z-10.png]
[crossgaincare.com.au/index26ee.html]
[crossgaincare.com.au/wp-json/oembed/1.0/embed2c17.json]
[crossgaincare.com.au/wp-json/oembed/1.0/embed4c27]
[crossgaincare.com.au/wp-json/wp/v2/pages/8287.json]
[crossgaincare.com.au/wp-content/uploads/2024/08/z-11.png]
[crossgaincare.com.au/wp-content/uploads/2024/08/z-12.png]
[crossgaincare.com.au/sta-respite-accommodation/index.html]
[crossgaincare.com.au/wp-content/uploads/2024/09/z-13-1.png]
[crossgaincare.com.au/index0b7e.html]
[crossgaincare.com.au/wp-json/oembed/1.0/embed9d12.json]
[crossgaincare.com.au/wp-json/oembed/1.0/embed8f4b]
[crossgaincare.com.au/wp-json/wp/v2/pages/8345.json]
[crossgaincare.com.au/wp-content/uploads/2024/09/z14.png]
[crossgaincare.com.au/sil-accommodation/index.html]
[crossgaincare.com.au/wp-content/uploads/2024/09/z15.png]
[crossgaincare.com.au/index8f75.html]
[crossgaincare.com.au/wp-json/oembed/1.0/embed7bd3.json]
[crossgaincare.com.au/wp-json/oembed/1.0/embed2549]
[crossgaincare.com.au/wp-json/wp/v2/pages/8406.json]
[crossgaincare.com.au/wp-content/uploads/2024/09/z16.png]
[crossgaincare.com.au/medium-term-accommodation/index.html]
[crossgaincare.com.au/wp-content/uploads/2024/08/oakwood-.webp]
[crossgaincare.com.au/indexc058.html]
[crossgaincare.com.au/wp-json/oembed/1.0/embed5eba.json]
[crossgaincare.com.au/accomodation/feed/index.html]
[crossgaincare.com.au/wp-json/oembed/1.0/embedbae9]
[crossgaincare.com.au/wp-json/wp/v2/pages/5624.json]
[code.jquery.com/jquery-3.6.0.min.js]
[crossgaincare.com.au/wp-content/uploads/2024/08/Tarneit-.webp]
[crossgaincare.com.au/wp-content/uploads/2024/08/blackheath-.webp]
[crossgaincare.com.au/index3529.html]
[crossgaincare.com.au/wp-content/uploads/2024/08/The-Grove-Point-Cook-1.webp]
[crossgaincare.com.au/accomodation/index.html]
[crossgaincare.com.au/wp-content/uploads/2024/08/MEW-04-.webp]
[crossgaincare.com.au/wp-json/oembed/1.0/embed41e1.json]
[crossgaincare.com.au/wp-json/oembed/1.0/embed640c]
[crossgaincare.com.au/wp-json/wp/v2/pages/7297.json]
[crossgaincare.com.au/wp-content/uploads/2024/08/MEW-04--1024x703.webp]
[crossgaincare.com.au/index1a0e.html]
[crossgaincare.com.au/wp-content/uploads/2024/08/MEW-07--1024x703.webp]
[crossgaincare.com.au/wp-content/uploads/2021/07/geelong-accomodation.jpg]
[crossgaincare.com.au/wp-content/uploads/2019/02/Geelong-Accom-6-2-1024x703.jpg]
[crossgaincare.com.au/wp-content/uploads/2024/08/MEWS-03--1024x703.webp]
[crossgaincare.com.au/wp-content/uploads/2023/11/DSC07798HDR-scaled-1024x683.jpg]
[crossgaincare.com.au/wp-content/uploads/2019/02/Geelong-Accom-12-2-1024x703.jpg]
[crossgaincare.com.au/wp-content/uploads/2023/11/DSC07869HDR-scaled-1024x683.jpg]
[crossgaincare.com.au/the-mews-waurn-ponds/index.html]
[crossgaincare.com.au/wp-content/uploads/2023/11/DSC00157HDR-scaled.jpg]
[crossgaincare.com.au/wp-json/oembed/1.0/embedb119.json]
[crossgaincare.com.au/wp-json/oembed/1.0/embed934c]
[crossgaincare.com.au/wp-json/wp/v2/pages/7274.json]
[crossgaincare.com.au/wp-content/uploads/2023/11/DSC00157HDR-scaled-1024x683.jpg]
[crossgaincare.com.au/wp-content/uploads/2024/08/OAK-02--1024x683.webp]
[crossgaincare.com.au/indexffe6.html]
[crossgaincare.com.au/wp-content/uploads/2024/08/OAK-03--1024x683.webp]
[crossgaincare.com.au/wp-content/uploads/2024/08/OAK-04--1024x683.webp]
[crossgaincare.com.au/wp-content/uploads/2024/08/OAK-06--1024x683.webp]
[crossgaincare.com.au/wp-content/uploads/2023/11/DSC00107HDR-scaled-1024x683.jpg]
[crossgaincare.com.au/the-oack-waurn-ponds-2/index.html]
[crossgaincare.com.au/wp-content/uploads/2024/08/pointcook-03-.webp]
[crossgaincare.com.au/wp-json/oembed/1.0/embeddf0f.json]
[crossgaincare.com.au/wp-json/oembed/1.0/embed6133]
[crossgaincare.com.au/wp-json/wp/v2/pages/7201.json]
[crossgaincare.com.au/wp-content/uploads/2024/08/pointcook-03--1024x691.webp]
[crossgaincare.com.au/wp-content/uploads/2019/02/Point-Cook-Accom-2-1024x703.jpg]
[crossgaincare.com.au/wp-content/uploads/2024/08/pointcook-01--1024x683.webp]
[crossgaincare.com.au/wp-content/uploads/2023/11/IMG_5008-scaled-1024x768.jpg]
[crossgaincare.com.au/indexf431.html]
[crossgaincare.com.au/wp-content/uploads/2023/11/IMG_5019-scaled-1024x768.jpg]
[crossgaincare.com.au/wp-content/uploads/2024/08/POINT-247--1024x683.webp]
[crossgaincare.com.au/wp-content/uploads/2024/08/POINT-40409-1024x683.webp]
[crossgaincare.com.au/the-grove-point-cook/index.html]
[crossgaincare.com.au/wp-content/uploads/2019/02/Tarneit-Accom-Featured-1.jpg]
[crossgaincare.com.au/wp-json/oembed/1.0/embed7313.json]
[crossgaincare.com.au/wp-json/oembed/1.0/embedfd2d]
[crossgaincare.com.au/wp-json/wp/v2/pages/7255.json]
[crossgaincare.com.au/wp-content/uploads/2022/06/DSC08246HDR-scaled-1024x683.jpg]
[crossgaincare.com.au/wp-content/uploads/2024/08/TARNEIT-01-.webp]
[crossgaincare.com.au/wp-content/uploads/2024/08/TARNEIT-02--1024x683.webp]
[crossgaincare.com.au/wp-content/uploads/2024/08/TARNEIT-03-.webp]
[crossgaincare.com.au/index9138.html]
[crossgaincare.com.au/wp-content/uploads/2024/08/TARNEIT-04--1024x683.webp]
[crossgaincare.com.au/wp-content/uploads/2024/08/TARNEIT-06--1024x683.webp]
[crossgaincare.com.au/wp-content/uploads/2024/08/TARNEIT-4465-1024x683.webp]
[crossgaincare.com.au/the-drive-tarneit-2/index.html]
[crossgaincare.com.au/wp-json/oembed/1.0/embed1346.json]
[crossgaincare.com.au/wp-json/oembed/1.0/embedb6f4]
[crossgaincare.com.au/wp-json/wp/v2/pages/475.json]
[crossgaincare.com.au/become-a-volunteer/index.html]
[www.sparklean.gr/static/wp-content/uploads/2022/12/shutterstock_517745071-scaled.jpg]
[crossgaincare.com.au/index8a0c.html]
[crossgaincare.com.au/wp-json/oembed/1.0/embede039.json]
[crossgaincare.com.au/wp-json/oembed/1.0/embed9a23]
[crossgaincare.com.au/wp-json/wp/v2/pages/21565.json]
[crossgaincare.com.au/pos-na-afairesete-ti-skouria-apo-ta-roucha-symvoules-apo-tin-sparklean/index.html]
[crossgaincare.com.au/indexb015.html]
[crossgaincare.com.au/wp-json/oembed/1.0/embed766e.json]
[crossgaincare.com.au/wp-json/oembed/1.0/embedfdff]
[crossgaincare.com.au/wp-json/wp/v2/pages/4015.json]
[crossgaincare.com.au/contact-us/index.html]
[crossgaincare.com.au/sta-respite-a/index.html]
[crossgaincare.com.au/indexa640.html]
[crossgaincare.com.au/wp-json/oembed/1.0/embeddf51.json]
[crossgaincare.com.au/wp-json/oembed/1.0/embed5d74]
[crossgaincare.com.au/wp-json/wp/v2/pages/1468.json]
[crossgaincare.com.au/blog-masonry/index.html]
[crossgaincare.com.au/index7231.html]
[crossgaincare.com.au/neue-verbunden-casinos-qua-abfahrt-im-august-2025-traktandum-boni-spiele/index.html]
[crossgaincare.com.au/extra-poker-games-guide-play-bonus-casino-casino-challenge-poker/index.html]
[crossgaincare.com.au/top-mastercard-online-gambling-establishments-a-total-guide/index.html]
[crossgaincare.com.au/wp-json/oembed/1.0/embed4ee5.json]
[crossgaincare.com.au/onlajn-gama-casino-online-3209/index.html]
[crossgaincare.com.au/kasyno-online-z-najlepszymi-bonusami-dla-staych-61/index.html]
[crossgaincare.com.au/10-best-crypto-gambling-enterprises-gambling-internet-sites-in-america-sep-2025/index.html]
[crossgaincare.com.au/wp-json/oembed/1.0/embedc8c7]
[crossgaincare.com.au/wp-json/wp/v2/pages/6798.json]
[crossgaincare.com.au/privacy-policy-2/index.html]
[crossgaincare.com.au/index100d.html]
[crossgaincare.com.au/wp-json/oembed/1.0/embede53b.json]
[crossgaincare.com.au/wp-json/oembed/1.0/embed689d]
[crossgaincare.com.au/wp-json/wp/v2/pages/6787.json]
[crossgaincare.com.au/client-charter/index.html]
[crossgaincare.com.au/ndis-code-of-conduct/index.html]
[crossgaincare.com.au/wp-content/plugins/elementor/assets/lib/font-awesome/webfonts/fa-brands-400.svg]
[crossgaincare.com.au/wp-content/plugins/elementor/assets/lib/font-awesome/webfonts/fa-regular-400.svg]
[crossgaincare.com.au/wp-content/plugins/elementor/assets/lib/font-awesome/webfonts/fa-solid-900.svg]
[crossgaincare.com.au/wp-content/uploads/elementor/css/post-40093ef2.css]
[crossgaincare.com.au/index7bb6.html]
[crossgaincare.com.au/wp-content/uploads/elementor/css/post-5895ef8.css]
[crossgaincare.com.au/index4f61.html]
[crossgaincare.com.au/index5a03.html]
[crossgaincare.com.au/wp-content/uploads/2024/08/SLIDE-09.png]
[crossgaincare.com.au/wp-json/oembed/1.0/embed4592.json]
[crossgaincare.com.au/wp-json/oembed/1.0/embed97e1]
[crossgaincare.com.au/wp-json/wp/v2/pages/7761.json]
[crossgaincare.com.au/wp-content/uploads/2024/08/SLIDE-10.png]
[crossgaincare.com.au/wp-content/uploads/2024/08/SLIDE-11.png]
[crossgaincare.com.au/index6374.html]
[crossgaincare.com.au/wp-content/uploads/2024/08/SLIDE-12-1.png]
[crossgaincare.com.au/qualifying-checklist/index.html]
[crossgaincare.com.au/wp-content/plugins/elementor/assets/css/widget-nested-accordion.mindba3.css]
[crossgaincare.com.au/wp-content/uploads/elementor/css/post-800a90d.css]
[crossgaincare.com.au/indexcb2d.html]
[crossgaincare.com.au/wp-content/plugins/gutenberg/build/styles/block-library/style.mine93b.css]
[crossgaincare.com.au/indexd4ef.html]
[crossgaincare.com.au/wp-content/uploads/elementor/css/post-45459f48.css]
[crossgaincare.com.au/indexad03.html]
[crossgaincare.com.au/wp-content/uploads/elementor/css/post-4560c302.css]
[crossgaincare.com.au/index7b48.html]
[crossgaincare.com.au/wp-content/uploads/elementor/css/post-7972beb6.css]
[crossgaincare.com.au/index8190.html]
[crossgaincare.com.au/wp-content/uploads/elementor/css/post-8027b385.css]
[crossgaincare.com.au/indexa703.html]
[crossgaincare.com.au/wp-content/uploads/elementor/css/post-8149f286.css]
[crossgaincare.com.au/index26ee.html]
[crossgaincare.com.au/wp-content/uploads/elementor/css/post-828740f0.css]
[crossgaincare.com.au/index0b7e.html]
[crossgaincare.com.au/wp-content/uploads/elementor/css/post-83454fc4.css]
[crossgaincare.com.au/index8f75.html]
[crossgaincare.com.au/wp-content/uploads/elementor/css/post-84069513.css]
[crossgaincare.com.au/indexc058.html]
[crossgaincare.com.au/wp-content/uploads/2024/09/z18.png]
[crossgaincare.com.au/wp-content/uploads/elementor/css/post-5624b1f0.css]
[crossgaincare.com.au/index3529.html]
[crossgaincare.com.au/wp-content/uploads/2024/08/the-mews-.webp]
[crossgaincare.com.au/wp-content/uploads/elementor/css/post-7297eada.css]
[crossgaincare.com.au/index1a0e.html]
[crossgaincare.com.au/wp-content/uploads/2023/11/DSC00157HDR-scaled.html]
[crossgaincare.com.au/wp-content/uploads/2024/08/THE-OAK-Waurn-Ponds-.webp]
[crossgaincare.com.au/wp-content/uploads/elementor/css/post-72744b10.css]
[crossgaincare.com.au/indexffe6.html]
[crossgaincare.com.au/wp-content/uploads/2024/08/THE-GROVE-POINTCOOK-.webp]
[crossgaincare.com.au/wp-content/uploads/elementor/css/post-7201c5a9.css]
[crossgaincare.com.au/indexf431.html]
[crossgaincare.com.au/wp-content/uploads/2024/08/the-drive-tarneit-.webp]
[crossgaincare.com.au/wp-content/uploads/elementor/css/post-7255bc63.css]
[crossgaincare.com.au/index9138.html]
[crossgaincare.com.au/wp-content/uploads/elementor/css/post-475f1ac.css]
[crossgaincare.com.au/index8a0c.html]
[crossgaincare.com.au/indexb015.html]
[crossgaincare.com.au/wp-content/plugins/elementor/assets/css/widget-google_maps.mindba3.css]
[crossgaincare.com.au/wp-content/uploads/elementor/css/post-40152bc2.css]
[crossgaincare.com.au/indexa640.html]
[crossgaincare.com.au/wp-content/plugins/elementor-pro/assets/css/widget-posts.mind341.css]
[crossgaincare.com.au/wp-content/uploads/elementor/css/post-1468ebf5.css]
[crossgaincare.com.au/index7231.html]
[crossgaincare.com.au/wp-json/oembed/1.0/embed4be4.json]
[crossgaincare.com.au/neue-verbunden-casinos-qua-abfahrt-im-august-2025-traktandum-boni-spiele/feed/index.html]
[crossgaincare.com.au/wp-json/oembed/1.0/embed867b]
[crossgaincare.com.au/wp-json/wp/v2/posts/21545.json]
[crossgaincare.com.au/neue-verbunden-casinos-qua-abfahrt-im-august-2025-traktandum-boni-spiele/index.html]
[crossgaincare.com.au/indexc5c3.html]
[crossgaincare.com.au/wp-json/oembed/1.0/embedd79c.json]
[crossgaincare.com.au/extra-poker-games-guide-play-bonus-casino-casino-challenge-poker/feed/index.html]
[crossgaincare.com.au/wp-json/oembed/1.0/embedea11]
[crossgaincare.com.au/wp-json/wp/v2/posts/21535.json]
[crossgaincare.com.au/extra-poker-games-guide-play-bonus-casino-casino-challenge-poker/index.html]
[crossgaincare.com.au/index2a4b.html]
[crossgaincare.com.au/wp-json/oembed/1.0/embedc40a.json]
[crossgaincare.com.au/top-mastercard-online-gambling-establishments-a-total-guide/feed/index.html]
[crossgaincare.com.au/wp-json/oembed/1.0/embeda24f]
[crossgaincare.com.au/wp-json/wp/v2/posts/21527.json]
[crossgaincare.com.au/wp-includes/js/comment-reply.min4d80.js]
[crossgaincare.com.au/top-mastercard-online-gambling-establishments-a-total-guide/index.html]
[crossgaincare.com.au/wp-json/oembed/1.0/embedd875.json]
[crossgaincare.com.au/index16de.html]
[crossgaincare.com.au/onlajn-gama-casino-online-3209/feed/index.html]
[crossgaincare.com.au/wp-json/oembed/1.0/embed6e6c]
[crossgaincare.com.au/wp-json/wp/v2/posts/21533.json]
[crossgaincare.com.au/onlajn-gama-casino-online-3209/index.html]
[crossgaincare.com.au/index7b07.html]
[crossgaincare.com.au/wp-json/oembed/1.0/embede972.json]
[crossgaincare.com.au/kasyno-online-z-najlepszymi-bonusami-dla-staych-61/feed/index.html]
[crossgaincare.com.au/wp-json/oembed/1.0/embed63ed]
[crossgaincare.com.au/wp-json/wp/v2/posts/21515.json]
[crossgaincare.com.au/kasyno-online-z-najlepszymi-bonusami-dla-staych-61/index.html]
[crossgaincare.com.au/indexe17e.html]
[crossgaincare.com.au/wp-json/oembed/1.0/embed5d88.json]
[crossgaincare.com.au/10-best-crypto-gambling-enterprises-gambling-internet-sites-in-america-sep-2025/feed/index.html]
[crossgaincare.com.au/wp-json/oembed/1.0/embedf320]
[crossgaincare.com.au/wp-json/wp/v2/posts/21555.json]
[crossgaincare.com.au/10-best-crypto-gambling-enterprises-gambling-internet-sites-in-america-sep-2025/index.html]
[crossgaincare.com.au/wp-content/uploads/elementor/css/post-67987313.css]
[crossgaincare.com.au/index100d.html]
[crossgaincare.com.au/wp-content/uploads/elementor/css/post-6787a222.css]
[crossgaincare.com.au/index5a03.html]
[crossgaincare.com.au/wp-content/uploads/elementor/css/post-776112e3.css]
[crossgaincare.com.au/index6374.html]
[crossgaincare.com.au/indexc5c3.html]
[crossgaincare.com.au/index2a4b.html]
[crossgaincare.com.au/index16de.html]
[crossgaincare.com.au/index7b07.html]
[crossgaincare.com.au/indexe17e.html]
[crossgaincare.com.au/index69fc.html]
[crossgaincare.com.au/index69fc.html]
